0 verbose cli F:\nodejs\node.exe C:\Users\arpt1\AppData\Roaming\npm\node_modules\npm\bin\npm-cli.js
1 info using npm@11.7.0
2 info using node@v24.13.0
3 silly config load:file:C:\Users\arpt1\AppData\Roaming\npm\node_modules\npm\npmrc
4 silly config load:file:G:\pi 2 - 2026\.npmrc
5 silly config load:file:C:\Users\arpt1\.npmrc
6 silly config load:file:C:\Users\arpt1\AppData\Roaming\npm\etc\npmrc
7 verbose title npm exec @fission-ai/openspec
8 verbose argv "exec" "--yes" "--" "@fission-ai/openspec"
9 verbose logfile logs-max:10 dir:G:\pi 2 - 2026\%TEMP%\npm-cache\_logs\2026-08-21T23_06_38_940Z-
10 verbose logfile G:\pi 2 - 2026\%TEMP%\npm-cache\_logs\2026-08-21T23_06_38_940Z-debug-0.log
11 silly logfile start cleaning logs, removing 4 files
12 silly packumentCache heap:4496293888 maxSize:1124073472 maxEntrySize:562036736
13 silly logfile done cleaning log files
14 http fetch GET 200 https://registry.npmjs.org/@fission-ai%2fopenspec 710ms (cache updated)
15 silly packumentCache heap:4496293888 maxSize:1124073472 maxEntrySize:562036736
16 silly packumentCache heap:4496293888 maxSize:1124073472 maxEntrySize:562036736
17 silly idealTree buildDeps
18 silly fetch manifest @fission-ai/openspec@1.10.0
19 silly packumentCache full:https://registry.npmjs.org/@fission-ai%2fopenspec cache-miss
20 http fetch GET 200 https://registry.npmjs.org/@fission-ai%2fopenspec 497ms (cache updated)
21 silly packumentCache full:https://registry.npmjs.org/@fission-ai%2fopenspec set size:undefined disposed:false
22 silly placeDep ROOT @fission-ai/openspec@1.10.0 OK for:  want: 1.10.0
23 silly fetch manifest @inquirer/core@^11.2.1
24 silly packumentCache full:https://registry.npmjs.org/@inquirer%2fcore cache-miss
25 silly fetch manifest @inquirer/prompts@^8.5.2
26 silly packumentCache full:https://registry.npmjs.org/@inquirer%2fprompts cache-miss
27 silly fetch manifest chalk@^5.6.2
28 silly packumentCache full:https://registry.npmjs.org/chalk cache-miss
29 silly fetch manifest commander@^14.0.0
30 silly packumentCache full:https://registry.npmjs.org/commander cache-miss
31 silly fetch manifest cross-spawn@7.0.6
32 silly packumentCache full:https://registry.npmjs.org/cross-spawn cache-miss
33 silly fetch manifest fast-glob@^3.3.3
34 silly packumentCache full:https://registry.npmjs.org/fast-glob cache-miss
35 silly fetch manifest ora@^9.4.1
36 silly packumentCache full:https://registry.npmjs.org/ora cache-miss
37 silly fetch manifest yaml@^2.8.3
38 silly packumentCache full:https://registry.npmjs.org/yaml cache-miss
39 silly fetch manifest zod@^4.4.3
40 silly packumentCache full:https://registry.npmjs.org/zod cache-miss
41 http cache https://registry.npmjs.org/cross-spawn 883ms (cache hit)
42 silly packumentCache full:https://registry.npmjs.org/cross-spawn set size:109066 disposed:false
43 http fetch GET 200 https://registry.npmjs.org/chalk 1069ms (cache revalidated)
44 silly packumentCache full:https://registry.npmjs.org/chalk set size:134775 disposed:false
45 http fetch GET 200 https://registry.npmjs.org/ora 1079ms (cache revalidated)
46 silly packumentCache full:https://registry.npmjs.org/ora set size:147148 disposed:false
47 http fetch GET 200 https://registry.npmjs.org/fast-glob 1086ms (cache revalidated)
48 silly packumentCache full:https://registry.npmjs.org/fast-glob set size:220556 disposed:false
49 http fetch GET 200 https://registry.npmjs.org/commander 1093ms (cache revalidated)
50 silly packumentCache full:https://registry.npmjs.org/commander set size:353115 disposed:false
51 http fetch GET 200 https://registry.npmjs.org/yaml 1155ms (cache revalidated)
52 silly packumentCache full:https://registry.npmjs.org/yaml set size:385754 disposed:false
53 http fetch GET 200 https://registry.npmjs.org/@inquirer%2fprompts 1187ms (cache updated)
54 silly packumentCache full:https://registry.npmjs.org/@inquirer%2fprompts set size:undefined disposed:false
55 http fetch GET 200 https://registry.npmjs.org/@inquirer%2fcore 1197ms (cache updated)
56 silly packumentCache full:https://registry.npmjs.org/@inquirer%2fcore set size:undefined disposed:false
57 http fetch GET 200 https://registry.npmjs.org/zod 1259ms (cache updated)
58 silly packumentCache full:https://registry.npmjs.org/zod set size:undefined disposed:false
59 silly fetch manifest @types/node@>=18
60 silly packumentCache full:https://registry.npmjs.org/@types%2fnode cache-miss
61 verbose stack Error: Lock compromised
61 verbose stack     at AbortSignal.<anonymous> (C:\Users\arpt1\AppData\Roaming\npm\node_modules\npm\node_modules\libnpmexec\lib\with-lock.js:53:30)
61 verbose stack     at [nodejs.internal.kHybridDispatch] (node:internal/event_target:845:20)
61 verbose stack     at AbortSignal.dispatchEvent (node:internal/event_target:778:26)
61 verbose stack     at runAbort (node:internal/abort_controller:488:10)
61 verbose stack     at abortSignal (node:internal/abort_controller:459:3)
61 verbose stack     at AbortController.abort (node:internal/abort_controller:507:5)
61 verbose stack     at Timeout.touchLock (C:\Users\arpt1\AppData\Roaming\npm\node_modules\npm\node_modules\libnpmexec\lib\with-lock.js:164:18)
62 error code ECOMPROMISED
63 error Lock compromised
64 silly unfinished npm timer reify 1787353605207
65 silly unfinished npm timer reify:loadTrees 1787353605210
66 silly unfinished npm timer idealTree 1787353605210
67 silly unfinished npm timer idealTree:buildDeps 1787353605280
68 silly unfinished npm timer idealTree:node_modules/@fission-ai/openspec 1787353607113
69 verbose cwd G:\pi 2 - 2026
70 verbose os Windows_NT 10.0.26200
71 verbose node v24.13.0
72 verbose npm  v11.7.0
73 verbose exit 1
74 verbose code 1
75 error A complete log of this run can be found in: G:\pi 2 - 2026\%TEMP%\npm-cache\_logs\2026-08-21T23_06_38_940Z-debug-0.log
