0 verbose cli F:\nodejs\node.exe C:\Users\arpt1\AppData\Roaming\npm\node_modules\npm\bin\npm-cli.js
1 info using npm@11.7.0
2 info using node@v24.13.0
3 silly config load:file:C:\Users\arpt1\AppData\Roaming\npm\node_modules\npm\npmrc
4 silly config load:file:G:\pi 2 - 2026\.npmrc
5 silly config load:file:C:\Users\arpt1\.npmrc
6 silly config load:file:C:\Users\arpt1\AppData\Roaming\npm\etc\npmrc
7 verbose title npm exec @modelcontextprotocol/server-filesystem .
8 verbose argv "exec" "--yes" "--" "@modelcontextprotocol/server-filesystem" "."
9 verbose logfile logs-max:10 dir:G:\pi 2 - 2026\%TEMP%\npm-cache\_logs\2026-08-21T23_06_38_916Z-
10 verbose logfile G:\pi 2 - 2026\%TEMP%\npm-cache\_logs\2026-08-21T23_06_38_916Z-debug-0.log
11 silly logfile start cleaning logs, removing 2 files
12 silly logfile done cleaning log files
13 silly packumentCache heap:4496293888 maxSize:1124073472 maxEntrySize:562036736
14 http fetch GET 200 https://registry.npmjs.org/npm 282ms
15 http fetch GET 200 https://registry.npmjs.org/@modelcontextprotocol%2fserver-filesystem 421ms (cache revalidated)
16 silly packumentCache heap:4496293888 maxSize:1124073472 maxEntrySize:562036736
17 silly packumentCache heap:4496293888 maxSize:1124073472 maxEntrySize:562036736
18 silly idealTree buildDeps
19 silly fetch manifest @modelcontextprotocol/server-filesystem@2026.7.10
20 silly packumentCache full:https://registry.npmjs.org/@modelcontextprotocol%2fserver-filesystem cache-miss
21 http fetch GET 200 https://registry.npmjs.org/@modelcontextprotocol%2fserver-filesystem 210ms (cache revalidated)
22 silly packumentCache full:https://registry.npmjs.org/@modelcontextprotocol%2fserver-filesystem set size:53068 disposed:false
23 silly placeDep ROOT @modelcontextprotocol/server-filesystem@2026.7.10 OK for:  want: 2026.7.10
24 silly fetch manifest @modelcontextprotocol/sdk@^1.29.0
25 silly packumentCache full:https://registry.npmjs.org/@modelcontextprotocol%2fsdk cache-miss
26 silly fetch manifest diff@^8.0.3
27 silly packumentCache full:https://registry.npmjs.org/diff cache-miss
28 silly fetch manifest glob@^10.5.0
29 silly packumentCache full:https://registry.npmjs.org/glob cache-miss
30 silly fetch manifest minimatch@^10.0.1
31 silly packumentCache full:https://registry.npmjs.org/minimatch cache-miss
32 http fetch GET 200 https://registry.npmjs.org/@modelcontextprotocol%2fsdk 213ms (cache revalidated)
33 silly packumentCache full:https://registry.npmjs.org/@modelcontextprotocol%2fsdk set size:302290 disposed:false
34 http fetch GET 200 https://registry.npmjs.org/glob 253ms (cache revalidated)
35 silly packumentCache full:https://registry.npmjs.org/glob set size:469465 disposed:false
36 http fetch GET 200 https://registry.npmjs.org/minimatch 260ms (cache revalidated)
37 silly packumentCache full:https://registry.npmjs.org/minimatch set size:377924 disposed:false
38 http fetch GET 200 https://registry.npmjs.org/diff 273ms (cache revalidated)
39 silly packumentCache full:https://registry.npmjs.org/diff set size:154400 disposed:false
40 silly fetch manifest @cfworker/json-schema@^4.1.1
41 silly packumentCache full:https://registry.npmjs.org/@cfworker%2fjson-schema cache-miss
42 http fetch GET 200 https://registry.npmjs.org/@cfworker%2fjson-schema 234ms (cache revalidated)
43 silly packumentCache full:https://registry.npmjs.org/@cfworker%2fjson-schema set size:144207 disposed:false
44 silly placeDep ROOT @modelcontextprotocol/sdk@1.30.0 OK for: @modelcontextprotocol/server-filesystem@2026.7.10 want: ^1.29.0
45 silly placeDep ROOT diff@8.0.4 OK for: @modelcontextprotocol/server-filesystem@2026.7.10 want: ^8.0.3
46 silly placeDep ROOT glob@10.5.0 OK for: @modelcontextprotocol/server-filesystem@2026.7.10 want: ^10.5.0
47 silly placeDep ROOT minimatch@10.2.6 OK for: @modelcontextprotocol/server-filesystem@2026.7.10 want: ^10.0.1
48 silly fetch manifest ajv@^8.17.1
49 silly packumentCache full:https://registry.npmjs.org/ajv cache-miss
50 silly fetch manifest zod@^3.25 || ^4.0
51 silly packumentCache full:https://registry.npmjs.org/zod cache-miss
52 silly fetch manifest cors@^2.8.5
53 silly packumentCache full:https://registry.npmjs.org/cors cache-miss
54 silly fetch manifest hono@^4.11.4
55 silly packumentCache full:https://registry.npmjs.org/hono cache-miss
56 silly fetch manifest jose@^6.1.3
57 silly packumentCache full:https://registry.npmjs.org/jose cache-miss
58 silly fetch manifest express@^5.2.1
59 silly packumentCache full:https://registry.npmjs.org/express cache-miss
60 silly fetch manifest raw-body@^3.0.0
61 silly packumentCache full:https://registry.npmjs.org/raw-body cache-miss
62 silly fetch manifest ajv-formats@^3.0.1
63 silly packumentCache full:https://registry.npmjs.org/ajv-formats cache-miss
64 silly fetch manifest cross-spawn@^7.0.5
65 silly packumentCache full:https://registry.npmjs.org/cross-spawn cache-miss
66 silly fetch manifest eventsource@^3.0.2
67 silly packumentCache full:https://registry.npmjs.org/eventsource cache-miss
68 silly fetch manifest content-type@^1.0.5
69 silly packumentCache full:https://registry.npmjs.org/content-type cache-miss
70 http fetch GET 200 https://registry.npmjs.org/cors 464ms (cache revalidated)
71 silly packumentCache full:https://registry.npmjs.org/cors set size:77956 disposed:false
72 silly fetch manifest pkce-challenge@^5.0.0
73 silly packumentCache full:https://registry.npmjs.org/pkce-challenge cache-miss
74 http fetch GET 200 https://registry.npmjs.org/ajv 490ms (cache revalidated)
75 silly packumentCache full:https://registry.npmjs.org/ajv set size:1142658 disposed:false
76 silly fetch manifest @hono/node-server@^1.19.9 || ^2.0.5
77 silly packumentCache full:https://registry.npmjs.org/@hono%2fnode-server cache-miss
78 http fetch GET 200 https://registry.npmjs.org/raw-body 544ms (cache revalidated)
79 silly packumentCache full:https://registry.npmjs.org/raw-body set size:120042 disposed:false
80 silly fetch manifest json-schema-typed@^8.0.2
81 silly packumentCache full:https://registry.npmjs.org/json-schema-typed cache-miss
82 http fetch GET 200 https://registry.npmjs.org/cross-spawn 622ms (cache revalidated)
83 silly packumentCache full:https://registry.npmjs.org/cross-spawn set size:109066 disposed:false
84 silly fetch manifest eventsource-parser@^3.0.0
85 silly packumentCache full:https://registry.npmjs.org/eventsource-parser cache-miss
86 http fetch GET 200 https://registry.npmjs.org/ajv-formats 632ms (cache revalidated)
87 silly packumentCache full:https://registry.npmjs.org/ajv-formats set size:141264 disposed:false
88 silly fetch manifest express-rate-limit@^8.2.1
89 silly packumentCache full:https://registry.npmjs.org/express-rate-limit cache-miss
90 http fetch GET 200 https://registry.npmjs.org/express 737ms (cache updated)
91 silly packumentCache full:https://registry.npmjs.org/express set size:undefined disposed:false
92 silly fetch manifest zod-to-json-schema@^3.25.1
93 silly packumentCache full:https://registry.npmjs.org/zod-to-json-schema cache-miss
94 http fetch GET 200 https://registry.npmjs.org/content-type 866ms (cache updated)
95 silly packumentCache full:https://registry.npmjs.org/content-type set size:undefined disposed:false
96 silly fetch manifest minipass@^7.1.2
97 silly packumentCache full:https://registry.npmjs.org/minipass cache-miss
98 http fetch GET 200 https://registry.npmjs.org/eventsource 872ms (cache updated)
99 silly packumentCache full:https://registry.npmjs.org/eventsource set size:undefined disposed:false
100 silly fetch manifest jackspeak@^3.1.2
101 silly packumentCache full:https://registry.npmjs.org/jackspeak cache-miss
102 http fetch GET 200 https://registry.npmjs.org/pkce-challenge 1127ms (cache revalidated)
103 silly packumentCache full:https://registry.npmjs.org/pkce-challenge set size:37734 disposed:false
104 silly fetch manifest minimatch@^9.0.4
105 silly packumentCache full:https://registry.npmjs.org/minimatch cache-hit
106 silly fetch manifest path-scurry@^1.11.1
107 silly packumentCache full:https://registry.npmjs.org/path-scurry cache-miss
108 verbose stack Error: Lock compromised
108 verbose stack     at AbortSignal.<anonymous> (C:\Users\arpt1\AppData\Roaming\npm\node_modules\npm\node_modules\libnpmexec\lib\with-lock.js:53:30)
108 verbose stack     at [nodejs.internal.kHybridDispatch] (node:internal/event_target:845:20)
108 verbose stack     at AbortSignal.dispatchEvent (node:internal/event_target:778:26)
108 verbose stack     at runAbort (node:internal/abort_controller:488:10)
108 verbose stack     at abortSignal (node:internal/abort_controller:459:3)
108 verbose stack     at AbortController.abort (node:internal/abort_controller:507:5)
108 verbose stack     at Timeout.touchLock (C:\Users\arpt1\AppData\Roaming\npm\node_modules\npm\node_modules\libnpmexec\lib\with-lock.js:164:18)
109 error code ECOMPROMISED
110 error Lock compromised
111 silly unfinished npm timer reify 1787353604157
112 silly unfinished npm timer reify:loadTrees 1787353604161
113 silly unfinished npm timer idealTree 1787353604162
114 silly unfinished npm timer idealTree:buildDeps 1787353604187
115 silly unfinished npm timer idealTree:node_modules/@modelcontextprotocol/server-filesystem 1787353604696
116 verbose cwd G:\pi 2 - 2026
117 verbose os Windows_NT 10.0.26200
118 verbose node v24.13.0
119 verbose npm  v11.7.0
120 notice
120 notice New minor version of npm available! 11.7.0 -> 11.19.0
120 notice Changelog: https://github.com/npm/cli/releases/tag/v11.19.0
120 notice To update run: npm install -g npm@11.19.0
120 notice  { force: true, Symbol(proc-log.meta): true }
121 verbose exit 1
122 verbose code 1
123 error A complete log of this run can be found in: G:\pi 2 - 2026\%TEMP%\npm-cache\_logs\2026-08-21T23_06_38_916Z-debug-0.log
