0 verbose cli F:\nodejs\node.exe C:\Users\arpt1\AppData\Roaming\npm\node_modules\npm\bin\npm-cli.js
1 info using npm@11.7.0
2 info using node@v24.13.0
3 silly config load:file:C:\Users\arpt1\AppData\Roaming\npm\node_modules\npm\npmrc
4 silly config load:file:G:\pi 2 - 2026\.npmrc
5 silly config load:file:C:\Users\arpt1\.npmrc
6 silly config load:file:C:\Users\arpt1\AppData\Roaming\npm\etc\npmrc
7 verbose title npm exec @modelcontextprotocol/server-filesystem .
8 verbose argv "exec" "--yes" "--" "@modelcontextprotocol/server-filesystem" "."
9 verbose logfile logs-max:10 dir:G:\pi 2 - 2026\%TEMP%\npm-cache\_logs\2026-08-01T14_36_27_788Z-
10 verbose logfile G:\pi 2 - 2026\%TEMP%\npm-cache\_logs\2026-08-01T14_36_27_788Z-debug-0.log
11 silly logfile done cleaning log files
12 silly packumentCache heap:4496293888 maxSize:1124073472 maxEntrySize:562036736
13 http fetch GET 200 https://registry.npmjs.org/@modelcontextprotocol%2fserver-filesystem 189ms (cache revalidated)
14 silly packumentCache heap:4496293888 maxSize:1124073472 maxEntrySize:562036736
15 silly packumentCache heap:4496293888 maxSize:1124073472 maxEntrySize:562036736
16 silly idealTree buildDeps
17 silly fetch manifest @modelcontextprotocol/server-filesystem@2026.7.10
18 silly packumentCache full:https://registry.npmjs.org/@modelcontextprotocol%2fserver-filesystem cache-miss
19 http fetch GET 200 https://registry.npmjs.org/@modelcontextprotocol%2fserver-filesystem 342ms (cache revalidated)
20 silly packumentCache full:https://registry.npmjs.org/@modelcontextprotocol%2fserver-filesystem set size:53068 disposed:false
21 silly placeDep ROOT @modelcontextprotocol/server-filesystem@2026.7.10 OK for:  want: 2026.7.10
22 silly fetch manifest @modelcontextprotocol/sdk@^1.29.0
23 silly packumentCache full:https://registry.npmjs.org/@modelcontextprotocol%2fsdk cache-miss
24 silly fetch manifest diff@^8.0.3
25 silly packumentCache full:https://registry.npmjs.org/diff cache-miss
26 silly fetch manifest glob@^10.5.0
27 silly packumentCache full:https://registry.npmjs.org/glob cache-miss
28 silly fetch manifest minimatch@^10.0.1
29 silly packumentCache full:https://registry.npmjs.org/minimatch cache-miss
30 http fetch GET 200 https://registry.npmjs.org/diff 90ms (cache revalidated)
31 silly packumentCache full:https://registry.npmjs.org/diff set size:154400 disposed:false
32 http fetch GET 200 https://registry.npmjs.org/minimatch 132ms (cache revalidated)
33 silly packumentCache full:https://registry.npmjs.org/minimatch set size:377924 disposed:false
34 http fetch GET 200 https://registry.npmjs.org/@modelcontextprotocol%2fsdk 140ms (cache revalidated)
35 silly packumentCache full:https://registry.npmjs.org/@modelcontextprotocol%2fsdk set size:302290 disposed:false
36 http fetch GET 200 https://registry.npmjs.org/glob 146ms (cache revalidated)
37 silly packumentCache full:https://registry.npmjs.org/glob set size:469465 disposed:false
38 silly fetch manifest @cfworker/json-schema@^4.1.1
39 silly packumentCache full:https://registry.npmjs.org/@cfworker%2fjson-schema cache-miss
40 http fetch GET 200 https://registry.npmjs.org/@cfworker%2fjson-schema 84ms (cache revalidated)
41 silly packumentCache full:https://registry.npmjs.org/@cfworker%2fjson-schema set size:144207 disposed:false
42 silly placeDep ROOT @modelcontextprotocol/sdk@1.30.0 OK for: @modelcontextprotocol/server-filesystem@2026.7.10 want: ^1.29.0
43 silly placeDep ROOT diff@8.0.4 OK for: @modelcontextprotocol/server-filesystem@2026.7.10 want: ^8.0.3
44 silly placeDep ROOT glob@10.5.0 OK for: @modelcontextprotocol/server-filesystem@2026.7.10 want: ^10.5.0
45 silly placeDep ROOT minimatch@10.2.6 OK for: @modelcontextprotocol/server-filesystem@2026.7.10 want: ^10.0.1
46 silly fetch manifest ajv@^8.17.1
47 silly packumentCache full:https://registry.npmjs.org/ajv cache-miss
48 silly fetch manifest zod@^3.25 || ^4.0
49 silly packumentCache full:https://registry.npmjs.org/zod cache-miss
50 silly fetch manifest cors@^2.8.5
51 silly packumentCache full:https://registry.npmjs.org/cors cache-miss
52 silly fetch manifest hono@^4.11.4
53 silly packumentCache full:https://registry.npmjs.org/hono cache-miss
54 silly fetch manifest jose@^6.1.3
55 silly packumentCache full:https://registry.npmjs.org/jose cache-miss
56 silly fetch manifest express@^5.2.1
57 silly packumentCache full:https://registry.npmjs.org/express cache-miss
58 silly fetch manifest raw-body@^3.0.0
59 silly packumentCache full:https://registry.npmjs.org/raw-body cache-miss
60 silly fetch manifest ajv-formats@^3.0.1
61 silly packumentCache full:https://registry.npmjs.org/ajv-formats cache-miss
62 silly fetch manifest cross-spawn@^7.0.5
63 silly packumentCache full:https://registry.npmjs.org/cross-spawn cache-miss
64 silly fetch manifest eventsource@^3.0.2
65 silly packumentCache full:https://registry.npmjs.org/eventsource cache-miss
66 silly fetch manifest content-type@^1.0.5
67 silly packumentCache full:https://registry.npmjs.org/content-type cache-miss
68 http cache https://registry.npmjs.org/zod 589ms (cache hit)
69 silly packumentCache full:https://registry.npmjs.org/zod set size:3552562 disposed:false
70 silly fetch manifest pkce-challenge@^5.0.0
71 silly packumentCache full:https://registry.npmjs.org/pkce-challenge cache-miss
72 http cache https://registry.npmjs.org/cross-spawn 611ms (cache hit)
73 silly packumentCache full:https://registry.npmjs.org/cross-spawn set size:109066 disposed:false
74 silly fetch manifest @hono/node-server@^1.19.9 || ^2.0.5
75 silly packumentCache full:https://registry.npmjs.org/@hono%2fnode-server cache-miss
76 http fetch GET 200 https://registry.npmjs.org/ajv-formats 899ms (cache revalidated)
77 silly packumentCache full:https://registry.npmjs.org/ajv-formats set size:141264 disposed:false
78 silly fetch manifest json-schema-typed@^8.0.2
79 silly packumentCache full:https://registry.npmjs.org/json-schema-typed cache-miss
80 http fetch GET 200 https://registry.npmjs.org/content-type 915ms (cache revalidated)
81 silly packumentCache full:https://registry.npmjs.org/content-type set size:18994 disposed:false
82 silly fetch manifest eventsource-parser@^3.0.0
83 silly packumentCache full:https://registry.npmjs.org/eventsource-parser cache-miss
84 http fetch GET 200 https://registry.npmjs.org/cors 929ms (cache revalidated)
85 silly packumentCache full:https://registry.npmjs.org/cors set size:77956 disposed:false
86 silly fetch manifest express-rate-limit@^8.2.1
87 silly packumentCache full:https://registry.npmjs.org/express-rate-limit cache-miss
88 http fetch GET 200 https://registry.npmjs.org/raw-body 932ms (cache revalidated)
89 silly packumentCache full:https://registry.npmjs.org/raw-body set size:120042 disposed:false
90 silly fetch manifest zod-to-json-schema@^3.25.1
91 silly packumentCache full:https://registry.npmjs.org/zod-to-json-schema cache-miss
92 http fetch GET 200 https://registry.npmjs.org/eventsource 995ms (cache revalidated)
93 silly packumentCache full:https://registry.npmjs.org/eventsource set size:128214 disposed:false
94 silly fetch manifest minipass@^7.1.2
95 silly packumentCache full:https://registry.npmjs.org/minipass cache-miss
96 http fetch GET 200 https://registry.npmjs.org/json-schema-typed 121ms (cache miss)
97 silly packumentCache full:https://registry.npmjs.org/json-schema-typed set size:undefined disposed:false
98 silly fetch manifest jackspeak@^3.1.2
99 silly packumentCache full:https://registry.npmjs.org/jackspeak cache-miss
100 http fetch GET 200 https://registry.npmjs.org/eventsource-parser 141ms (cache miss)
101 silly packumentCache full:https://registry.npmjs.org/eventsource-parser set size:undefined disposed:false
102 silly fetch manifest minimatch@^9.0.4
103 silly packumentCache full:https://registry.npmjs.org/minimatch cache-hit
104 silly fetch manifest path-scurry@^1.11.1
105 silly packumentCache full:https://registry.npmjs.org/path-scurry cache-miss
106 http fetch GET 200 https://registry.npmjs.org/@hono%2fnode-server 561ms (cache miss)
107 silly packumentCache full:https://registry.npmjs.org/@hono%2fnode-server set size:undefined disposed:false
108 silly fetch manifest foreground-child@^3.1.0
109 silly packumentCache full:https://registry.npmjs.org/foreground-child cache-miss
110 http fetch GET 200 https://registry.npmjs.org/pkce-challenge 576ms (cache miss)
111 silly packumentCache full:https://registry.npmjs.org/pkce-challenge set size:undefined disposed:false
112 silly fetch manifest package-json-from-dist@^1.0.0
113 silly packumentCache full:https://registry.npmjs.org/package-json-from-dist cache-miss
114 http fetch GET 200 https://registry.npmjs.org/express 1290ms (cache miss)
115 silly packumentCache full:https://registry.npmjs.org/express set size:undefined disposed:false
116 silly fetch manifest brace-expansion@^5.0.8
117 silly packumentCache full:https://registry.npmjs.org/brace-expansion cache-miss
118 http fetch GET 200 https://registry.npmjs.org/zod-to-json-schema 509ms (cache miss)
119 silly packumentCache full:https://registry.npmjs.org/zod-to-json-schema set size:undefined disposed:false
120 verbose stack Error: Lock compromised
120 verbose stack     at AbortSignal.<anonymous> (C:\Users\arpt1\AppData\Roaming\npm\node_modules\npm\node_modules\libnpmexec\lib\with-lock.js:53:30)
120 verbose stack     at [nodejs.internal.kHybridDispatch] (node:internal/event_target:845:20)
120 verbose stack     at AbortSignal.dispatchEvent (node:internal/event_target:778:26)
120 verbose stack     at runAbort (node:internal/abort_controller:488:10)
120 verbose stack     at abortSignal (node:internal/abort_controller:459:3)
120 verbose stack     at AbortController.abort (node:internal/abort_controller:507:5)
120 verbose stack     at Timeout.touchLock (C:\Users\arpt1\AppData\Roaming\npm\node_modules\npm\node_modules\libnpmexec\lib\with-lock.js:164:18)
121 error code ECOMPROMISED
122 error Lock compromised
123 silly unfinished npm timer reify 1785594989897
124 silly unfinished npm timer reify:loadTrees 1785594989923
125 silly unfinished npm timer idealTree 1785594989924
126 silly unfinished npm timer idealTree:buildDeps 1785594989935
127 silly unfinished npm timer idealTree:node_modules/@modelcontextprotocol/server-filesystem 1785594990439
128 verbose cwd G:\pi 2 - 2026
129 verbose os Windows_NT 10.0.26200
130 verbose node v24.13.0
131 verbose npm  v11.7.0
132 verbose exit 1
133 verbose code 1
134 error A complete log of this run can be found in: G:\pi 2 - 2026\%TEMP%\npm-cache\_logs\2026-08-01T14_36_27_788Z-debug-0.log
