0 verbose cli F:\nodejs\node.exe C:\Users\arpt1\AppData\Roaming\npm\node_modules\npm\bin\npm-cli.js
1 info using npm@11.7.0
2 info using node@v24.13.0
3 silly config load:file:C:\Users\arpt1\AppData\Roaming\npm\node_modules\npm\npmrc
4 silly config load:file:G:\pi 2 - 2026\.npmrc
5 silly config load:file:C:\Users\arpt1\.npmrc
6 silly config load:file:C:\Users\arpt1\AppData\Roaming\npm\etc\npmrc
7 verbose title npm exec @fission-ai/openspec
8 verbose argv "exec" "--yes" "--" "@fission-ai/openspec"
9 verbose logfile logs-max:10 dir:G:\pi 2 - 2026\%TEMP%\npm-cache\_logs\2026-08-05T14_50_10_892Z-
10 verbose logfile G:\pi 2 - 2026\%TEMP%\npm-cache\_logs\2026-08-05T14_50_10_892Z-debug-0.log
11 silly logfile start cleaning logs, removing 2 files
12 silly logfile done cleaning log files
13 silly packumentCache heap:4496293888 maxSize:1124073472 maxEntrySize:562036736
14 http fetch GET 200 https://registry.npmjs.org/@fission-ai%2fopenspec 326ms (cache revalidated)
15 silly packumentCache heap:4496293888 maxSize:1124073472 maxEntrySize:562036736
16 silly packumentCache heap:4496293888 maxSize:1124073472 maxEntrySize:562036736
17 silly idealTree buildDeps
18 silly fetch manifest @fission-ai/openspec@1.7.0
19 silly packumentCache full:https://registry.npmjs.org/@fission-ai%2fopenspec cache-miss
20 http cache https://registry.npmjs.org/@fission-ai%2fopenspec 60ms (cache hit)
21 silly packumentCache full:https://registry.npmjs.org/@fission-ai%2fopenspec set size:129438 disposed:false
22 silly placeDep ROOT @fission-ai/openspec@1.7.0 OK for:  want: 1.7.0
23 silly fetch manifest @inquirer/core@^10.3.2
24 silly packumentCache full:https://registry.npmjs.org/@inquirer%2fcore cache-miss
25 silly fetch manifest @inquirer/prompts@^7.10.1
26 silly packumentCache full:https://registry.npmjs.org/@inquirer%2fprompts cache-miss
27 silly fetch manifest chalk@^5.6.2
28 silly packumentCache full:https://registry.npmjs.org/chalk cache-miss
29 silly fetch manifest commander@^14.0.0
30 silly packumentCache full:https://registry.npmjs.org/commander cache-miss
31 silly fetch manifest cross-spawn@7.0.6
32 silly packumentCache full:https://registry.npmjs.org/cross-spawn cache-miss
33 silly fetch manifest fast-glob@^3.3.3
34 silly packumentCache full:https://registry.npmjs.org/fast-glob cache-miss
35 silly fetch manifest ora@^9.4.1
36 silly packumentCache full:https://registry.npmjs.org/ora cache-miss
37 silly fetch manifest yaml@^2.8.3
38 silly packumentCache full:https://registry.npmjs.org/yaml cache-miss
39 silly fetch manifest zod@^4.4.3
40 silly packumentCache full:https://registry.npmjs.org/zod cache-miss
41 http cache https://registry.npmjs.org/@inquirer%2fprompts 1131ms (cache hit)
42 silly packumentCache full:https://registry.npmjs.org/@inquirer%2fprompts set size:331361 disposed:false
43 http cache https://registry.npmjs.org/@inquirer%2fcore 1137ms (cache hit)
44 silly packumentCache full:https://registry.npmjs.org/@inquirer%2fcore set size:353358 disposed:false
45 http cache https://registry.npmjs.org/fast-glob 1137ms (cache hit)
46 silly packumentCache full:https://registry.npmjs.org/fast-glob set size:220556 disposed:false
47 http cache https://registry.npmjs.org/chalk 1144ms (cache hit)
48 silly packumentCache full:https://registry.npmjs.org/chalk set size:134775 disposed:false
49 http cache https://registry.npmjs.org/zod 1149ms (cache hit)
50 silly packumentCache full:https://registry.npmjs.org/zod set size:3552562 disposed:false
51 http cache https://registry.npmjs.org/ora 1191ms (cache hit)
52 silly packumentCache full:https://registry.npmjs.org/ora set size:147148 disposed:false
53 http cache https://registry.npmjs.org/cross-spawn 1197ms (cache hit)
54 silly packumentCache full:https://registry.npmjs.org/cross-spawn set size:109066 disposed:false
55 http cache https://registry.npmjs.org/yaml 1204ms (cache hit)
56 silly packumentCache full:https://registry.npmjs.org/yaml set size:385754 disposed:false
57 http cache https://registry.npmjs.org/commander 1215ms (cache hit)
58 silly packumentCache full:https://registry.npmjs.org/commander set size:353115 disposed:false
59 silly fetch manifest @types/node@>=18
60 silly packumentCache full:https://registry.npmjs.org/@types%2fnode cache-miss
61 http cache https://registry.npmjs.org/@types%2fnode 47ms (cache hit)
62 silly packumentCache full:https://registry.npmjs.org/@types%2fnode set size:11084776 disposed:false
63 silly placeDep ROOT @inquirer/core@10.3.2 OK for: @fission-ai/openspec@1.7.0 want: ^10.3.2
64 silly placeDep ROOT @inquirer/prompts@7.10.1 OK for: @fission-ai/openspec@1.7.0 want: ^7.10.1
65 silly placeDep ROOT chalk@5.6.2 OK for: @fission-ai/openspec@1.7.0 want: ^5.6.2
66 silly placeDep ROOT commander@14.0.3 OK for: @fission-ai/openspec@1.7.0 want: ^14.0.0
67 silly placeDep ROOT cross-spawn@7.0.6 OK for: @fission-ai/openspec@1.7.0 want: 7.0.6
68 silly placeDep ROOT fast-glob@3.3.3 OK for: @fission-ai/openspec@1.7.0 want: ^3.3.3
69 silly placeDep ROOT ora@9.4.1 OK for: @fission-ai/openspec@1.7.0 want: ^9.4.1
70 silly placeDep ROOT yaml@2.9.0 OK for: @fission-ai/openspec@1.7.0 want: ^2.8.3
71 silly placeDep ROOT zod@4.4.3 OK for: @fission-ai/openspec@1.7.0 want: ^4.4.3
72 silly fetch manifest cli-width@^4.1.0
73 silly packumentCache full:https://registry.npmjs.org/cli-width cache-miss
74 silly fetch manifest wrap-ansi@^6.2.0
75 silly packumentCache full:https://registry.npmjs.org/wrap-ansi cache-miss
76 silly fetch manifest mute-stream@^2.0.0
77 silly packumentCache full:https://registry.npmjs.org/mute-stream cache-miss
78 silly fetch manifest signal-exit@^4.1.0
79 silly packumentCache full:https://registry.npmjs.org/signal-exit cache-miss
80 silly fetch manifest @inquirer/ansi@^1.0.2
81 silly packumentCache full:https://registry.npmjs.org/@inquirer%2fansi cache-miss
82 silly fetch manifest @inquirer/type@^3.0.10
83 silly packumentCache full:https://registry.npmjs.org/@inquirer%2ftype cache-miss
84 silly fetch manifest yoctocolors-cjs@^2.1.3
85 silly packumentCache full:https://registry.npmjs.org/yoctocolors-cjs cache-miss
86 silly fetch manifest @inquirer/figures@^1.0.15
87 silly packumentCache full:https://registry.npmjs.org/@inquirer%2ffigures cache-miss
88 silly fetch manifest @inquirer/input@^4.3.1
89 silly packumentCache full:https://registry.npmjs.org/@inquirer%2finput cache-miss
90 silly fetch manifest @inquirer/editor@^4.2.23
91 silly packumentCache full:https://registry.npmjs.org/@inquirer%2feditor cache-miss
92 silly fetch manifest @inquirer/expand@^4.0.23
93 silly packumentCache full:https://registry.npmjs.org/@inquirer%2fexpand cache-miss
94 http cache https://registry.npmjs.org/wrap-ansi 897ms (cache hit)
95 silly packumentCache full:https://registry.npmjs.org/wrap-ansi set size:55299 disposed:false
96 silly fetch manifest @inquirer/number@^3.0.23
97 silly packumentCache full:https://registry.npmjs.org/@inquirer%2fnumber cache-miss
98 http cache https://registry.npmjs.org/mute-stream 914ms (cache hit)
99 silly packumentCache full:https://registry.npmjs.org/mute-stream set size:24413 disposed:false
100 silly fetch manifest @inquirer/search@^3.2.2
101 silly packumentCache full:https://registry.npmjs.org/@inquirer%2fsearch cache-miss
102 http cache https://registry.npmjs.org/cli-width 916ms (cache hit)
103 silly packumentCache full:https://registry.npmjs.org/cli-width set size:24976 disposed:false
104 silly fetch manifest @inquirer/select@^4.4.2
105 silly packumentCache full:https://registry.npmjs.org/@inquirer%2fselect cache-miss
106 http cache https://registry.npmjs.org/yoctocolors-cjs 948ms (cache hit)
107 silly packumentCache full:https://registry.npmjs.org/yoctocolors-cjs set size:12865 disposed:false
108 silly fetch manifest @inquirer/confirm@^5.1.21
109 silly packumentCache full:https://registry.npmjs.org/@inquirer%2fconfirm cache-miss
110 http cache https://registry.npmjs.org/signal-exit 959ms (cache hit)
111 silly packumentCache full:https://registry.npmjs.org/signal-exit set size:53489 disposed:false
112 silly fetch manifest @inquirer/rawlist@^4.1.11
113 silly packumentCache full:https://registry.npmjs.org/@inquirer%2frawlist cache-miss
114 http cache https://registry.npmjs.org/@inquirer%2finput 961ms (cache hit)
115 silly packumentCache full:https://registry.npmjs.org/@inquirer%2finput set size:319406 disposed:false
116 silly fetch manifest @inquirer/checkbox@^4.3.2
117 silly packumentCache full:https://registry.npmjs.org/@inquirer%2fcheckbox cache-miss
118 http cache https://registry.npmjs.org/@inquirer%2ffigures 966ms (cache hit)
119 silly packumentCache full:https://registry.npmjs.org/@inquirer%2ffigures set size:57318 disposed:false
120 silly fetch manifest @inquirer/password@^4.0.23
121 silly packumentCache full:https://registry.npmjs.org/@inquirer%2fpassword cache-miss
122 http cache https://registry.npmjs.org/@inquirer%2feditor 968ms (cache hit)
123 silly packumentCache full:https://registry.npmjs.org/@inquirer%2feditor set size:322894 disposed:false
124 silly fetch manifest which@^2.0.1
125 silly packumentCache full:https://registry.npmjs.org/which cache-miss
126 http cache https://registry.npmjs.org/@inquirer%2fansi 1016ms (cache hit)
127 silly packumentCache full:https://registry.npmjs.org/@inquirer%2fansi set size:29199 disposed:false
128 silly fetch manifest path-key@^3.1.0
129 silly packumentCache full:https://registry.npmjs.org/path-key cache-miss
130 http cache https://registry.npmjs.org/@inquirer%2fexpand 1017ms (cache hit)
131 silly packumentCache full:https://registry.npmjs.org/@inquirer%2fexpand set size:322112 disposed:false
132 silly fetch manifest shebang-command@^2.0.0
133 silly packumentCache full:https://registry.npmjs.org/shebang-command cache-miss
134 http cache https://registry.npmjs.org/@inquirer%2ftype 1026ms (cache hit)
135 silly packumentCache full:https://registry.npmjs.org/@inquirer%2ftype set size:119899 disposed:false
136 silly fetch manifest @nodelib/fs.stat@^2.0.2
137 silly packumentCache full:https://registry.npmjs.org/@nodelib%2ffs.stat cache-miss
138 verbose stack Error: Lock compromised
138 verbose stack     at AbortSignal.<anonymous> (C:\Users\arpt1\AppData\Roaming\npm\node_modules\npm\node_modules\libnpmexec\lib\with-lock.js:53:30)
138 verbose stack     at [nodejs.internal.kHybridDispatch] (node:internal/event_target:845:20)
138 verbose stack     at AbortSignal.dispatchEvent (node:internal/event_target:778:26)
138 verbose stack     at runAbort (node:internal/abort_controller:488:10)
138 verbose stack     at abortSignal (node:internal/abort_controller:459:3)
138 verbose stack     at AbortController.abort (node:internal/abort_controller:507:5)
138 verbose stack     at Timeout.touchLock (C:\Users\arpt1\AppData\Roaming\npm\node_modules\npm\node_modules\libnpmexec\lib\with-lock.js:164:18)
139 error code ECOMPROMISED
140 error Lock compromised
141 silly unfinished npm timer reify 1785941413165
142 silly unfinished npm timer reify:loadTrees 1785941413169
143 silly unfinished npm timer idealTree 1785941413170
144 silly unfinished npm timer idealTree:buildDeps 1785941413220
145 silly unfinished npm timer idealTree:node_modules/@fission-ai/openspec 1785941414521
146 verbose cwd G:\pi 2 - 2026
147 verbose os Windows_NT 10.0.26200
148 verbose node v24.13.0
149 verbose npm  v11.7.0
150 verbose exit 1
151 verbose code 1
152 error A complete log of this run can be found in: G:\pi 2 - 2026\%TEMP%\npm-cache\_logs\2026-08-05T14_50_10_892Z-debug-0.log
