0 verbose cli F:\nodejs\node.exe C:\Users\arpt1\AppData\Roaming\npm\node_modules\npm\bin\npm-cli.js
1 info using npm@11.7.0
2 info using node@v24.13.0
3 silly config load:file:C:\Users\arpt1\AppData\Roaming\npm\node_modules\npm\npmrc
4 silly config load:file:G:\pi 2 - 2026\.npmrc
5 silly config load:file:C:\Users\arpt1\.npmrc
6 silly config load:file:C:\Users\arpt1\AppData\Roaming\npm\etc\npmrc
7 verbose title npm exec skills add google-labs-code/stitch-skills
8 verbose argv "exec" "--yes" "--" "skills" "add" "google-labs-code/stitch-skills"
9 verbose logfile logs-max:10 dir:G:\pi 2 - 2026\%TEMP%\npm-cache\_logs\2026-08-13T12_03_55_455Z-
10 verbose logfile G:\pi 2 - 2026\%TEMP%\npm-cache\_logs\2026-08-13T12_03_55_455Z-debug-0.log
11 silly logfile start cleaning logs, removing 1 files
12 silly logfile done cleaning log files
13 silly packumentCache heap:4496293888 maxSize:1124073472 maxEntrySize:562036736
14 http fetch GET 200 https://registry.npmjs.org/npm 134ms
15 http fetch GET 200 https://registry.npmjs.org/skills 204ms (cache miss)
16 silly packumentCache heap:4496293888 maxSize:1124073472 maxEntrySize:562036736
17 silly packumentCache heap:4496293888 maxSize:1124073472 maxEntrySize:562036736
18 silly idealTree buildDeps
19 silly fetch manifest skills@1.5.22
20 silly packumentCache full:https://registry.npmjs.org/skills cache-miss
21 http fetch GET 200 https://registry.npmjs.org/skills 134ms (cache miss)
22 silly packumentCache full:https://registry.npmjs.org/skills set size:undefined disposed:false
23 silly placeDep ROOT skills@1.5.22 OK for:  want: 1.5.22
24 silly fetch manifest tar@^7.5.20
25 silly packumentCache full:https://registry.npmjs.org/tar cache-miss
26 silly fetch manifest yaml@^2.8.3
27 silly packumentCache full:https://registry.npmjs.org/yaml cache-miss
28 http fetch GET 200 https://registry.npmjs.org/tar 110ms (cache miss)
29 silly packumentCache full:https://registry.npmjs.org/tar set size:undefined disposed:false
30 http fetch GET 200 https://registry.npmjs.org/yaml 169ms (cache revalidated)
31 silly packumentCache full:https://registry.npmjs.org/yaml set size:385754 disposed:false
32 silly placeDep ROOT tar@7.5.22 OK for: skills@1.5.22 want: ^7.5.20
33 silly placeDep ROOT yaml@2.9.0 OK for: skills@1.5.22 want: ^2.8.3
34 silly fetch manifest chownr@^3.0.0
35 silly packumentCache full:https://registry.npmjs.org/chownr cache-miss
36 silly fetch manifest yallist@^5.0.0
37 silly packumentCache full:https://registry.npmjs.org/yallist cache-miss
38 silly fetch manifest minipass@^7.1.2
39 silly packumentCache full:https://registry.npmjs.org/minipass cache-miss
40 silly fetch manifest minizlib@^3.1.0
41 silly packumentCache full:https://registry.npmjs.org/minizlib cache-miss
42 silly fetch manifest @isaacs/fs-minipass@^4.0.0
43 silly packumentCache full:https://registry.npmjs.org/@isaacs%2ffs-minipass cache-miss
44 http fetch GET 200 https://registry.npmjs.org/yallist 221ms (cache miss)
45 silly packumentCache full:https://registry.npmjs.org/yallist set size:undefined disposed:false
46 http fetch GET 200 https://registry.npmjs.org/chownr 224ms (cache miss)
47 silly packumentCache full:https://registry.npmjs.org/chownr set size:undefined disposed:false
48 http fetch GET 200 https://registry.npmjs.org/@isaacs%2ffs-minipass 244ms (cache miss)
49 silly packumentCache full:https://registry.npmjs.org/@isaacs%2ffs-minipass set size:undefined disposed:false
50 http fetch GET 200 https://registry.npmjs.org/minizlib 246ms (cache miss)
51 silly packumentCache full:https://registry.npmjs.org/minizlib set size:undefined disposed:false
52 http fetch GET 200 https://registry.npmjs.org/minipass 289ms (cache revalidated)
53 silly packumentCache full:https://registry.npmjs.org/minipass set size:276925 disposed:false
54 silly placeDep ROOT @isaacs/fs-minipass@4.0.1 OK for: tar@7.5.22 want: ^4.0.0
55 silly placeDep ROOT chownr@3.0.0 OK for: tar@7.5.22 want: ^3.0.0
56 silly placeDep ROOT minipass@7.1.3 OK for: tar@7.5.22 want: ^7.1.2
57 silly placeDep ROOT minizlib@3.1.0 OK for: tar@7.5.22 want: ^3.1.0
58 silly placeDep ROOT yallist@5.0.0 OK for: tar@7.5.22 want: ^5.0.0
59 silly fetch manifest minipass@^7.0.4
60 silly packumentCache full:https://registry.npmjs.org/minipass cache-hit
61 silly reify moves {}
62 silly audit bulk request {
62 silly audit   skills: [ '1.5.22' ],
62 silly audit   tar: [ '7.5.22' ],
62 silly audit   yaml: [ '2.9.0' ],
62 silly audit   '@isaacs/fs-minipass': [ '4.0.1' ],
62 silly audit   chownr: [ '3.0.0' ],
62 silly audit   minipass: [ '7.1.3' ],
62 silly audit   minizlib: [ '3.1.0' ],
62 silly audit   yallist: [ '5.0.0' ]
62 silly audit }
63 http cache yallist@https://registry.npmjs.org/yallist/-/yallist-5.0.0.tgz 0ms (cache hit)
64 http cache minipass@https://registry.npmjs.org/minipass/-/minipass-7.1.3.tgz 0ms (cache hit)
65 http cache minizlib@https://registry.npmjs.org/minizlib/-/minizlib-3.1.0.tgz 0ms (cache hit)
66 http cache chownr@https://registry.npmjs.org/chownr/-/chownr-3.0.0.tgz 0ms (cache hit)
67 http cache @isaacs/fs-minipass@https://registry.npmjs.org/@isaacs/fs-minipass/-/fs-minipass-4.0.1.tgz 0ms (cache hit)
68 http cache yaml@https://registry.npmjs.org/yaml/-/yaml-2.9.0.tgz 0ms (cache hit)
69 http cache skills@https://registry.npmjs.org/skills/-/skills-1.5.22.tgz 0ms (cache hit)
70 http cache tar@https://registry.npmjs.org/tar/-/tar-7.5.22.tgz 0ms (cache hit)
71 silly tarball no local data for yallist@https://registry.npmjs.org/yallist/-/yallist-5.0.0.tgz. Extracting by manifest.
72 silly tarball no local data for minipass@https://registry.npmjs.org/minipass/-/minipass-7.1.3.tgz. Extracting by manifest.
73 silly tarball no local data for minizlib@https://registry.npmjs.org/minizlib/-/minizlib-3.1.0.tgz. Extracting by manifest.
74 silly tarball no local data for chownr@https://registry.npmjs.org/chownr/-/chownr-3.0.0.tgz. Extracting by manifest.
75 silly tarball no local data for @isaacs/fs-minipass@https://registry.npmjs.org/@isaacs/fs-minipass/-/fs-minipass-4.0.1.tgz. Extracting by manifest.
76 silly tarball no local data for yaml@https://registry.npmjs.org/yaml/-/yaml-2.9.0.tgz. Extracting by manifest.
77 silly tarball no local data for skills@https://registry.npmjs.org/skills/-/skills-1.5.22.tgz. Extracting by manifest.
78 silly tarball no local data for tar@https://registry.npmjs.org/tar/-/tar-7.5.22.tgz. Extracting by manifest.
79 http fetch POST 200 https://registry.npmjs.org/-/npm/v1/security/advisories/bulk 261ms
80 silly audit report {}
81 http fetch GET 200 https://registry.npmjs.org/yallist/-/yallist-5.0.0.tgz 1169ms (cache miss)
82 http fetch GET 200 https://registry.npmjs.org/chownr/-/chownr-3.0.0.tgz 1193ms (cache miss)
83 http fetch GET 200 https://registry.npmjs.org/@isaacs/fs-minipass/-/fs-minipass-4.0.1.tgz 1211ms (cache miss)
84 http fetch GET 200 https://registry.npmjs.org/minipass/-/minipass-7.1.3.tgz 1531ms (cache miss)
85 http fetch GET 200 https://registry.npmjs.org/minizlib/-/minizlib-3.1.0.tgz 1547ms (cache miss)
86 verbose stack Error: Lock compromised
86 verbose stack     at AbortSignal.<anonymous> (C:\Users\arpt1\AppData\Roaming\npm\node_modules\npm\node_modules\libnpmexec\lib\with-lock.js:53:30)
86 verbose stack     at [nodejs.internal.kHybridDispatch] (node:internal/event_target:845:20)
86 verbose stack     at AbortSignal.dispatchEvent (node:internal/event_target:778:26)
86 verbose stack     at runAbort (node:internal/abort_controller:488:10)
86 verbose stack     at abortSignal (node:internal/abort_controller:459:3)
86 verbose stack     at AbortController.abort (node:internal/abort_controller:507:5)
86 verbose stack     at Timeout.touchLock (C:\Users\arpt1\AppData\Roaming\npm\node_modules\npm\node_modules\libnpmexec\lib\with-lock.js:164:18)
87 error code ECOMPROMISED
88 error Lock compromised
89 silly unfinished npm timer reify 1786622639428
90 silly unfinished npm timer reify:unpack 1786622640171
91 silly unfinished npm timer reifyNode:node_modules/yaml 1786622640171
92 silly unfinished npm timer reifyNode:node_modules/tar 1786622640171
93 silly unfinished npm timer reifyNode:node_modules/skills 1786622640171
94 verbose cwd G:\pi 2 - 2026
95 verbose os Windows_NT 10.0.26200
96 verbose node v24.13.0
97 verbose npm  v11.7.0
98 notice
98 notice New minor version of npm available! 11.7.0 -> 11.19.0
98 notice Changelog: https://github.com/npm/cli/releases/tag/v11.19.0
98 notice To update run: npm install -g npm@11.19.0
98 notice  { force: true, Symbol(proc-log.meta): true }
99 verbose exit 1
100 verbose code 1
101 error A complete log of this run can be found in: G:\pi 2 - 2026\%TEMP%\npm-cache\_logs\2026-08-13T12_03_55_455Z-debug-0.log
