0 verbose cli F:\nodejs\node.exe C:\Users\arpt1\AppData\Roaming\npm\node_modules\npm\bin\npm-cli.js
1 info using npm@11.7.0
2 info using node@v24.13.0
3 silly config load:file:C:\Users\arpt1\AppData\Roaming\npm\node_modules\npm\npmrc
4 silly config load:file:G:\pi 2 - 2026\webapp\.npmrc
5 silly config load:file:C:\Users\arpt1\.npmrc
6 silly config load:file:C:\Users\arpt1\AppData\Roaming\npm\etc\npmrc
7 verbose title npm exec grep_search -MatchPerLine selectCategoria g:\pi 2 - 2026\webapp\js\ui.js
8 verbose argv "exec" "--" "grep_search" "-MatchPerLine" "selectCategoria" "g:\\pi" "2" "-" "2026\\webapp\\js\\ui.js"
9 verbose logfile logs-max:10 dir:G:\pi 2 - 2026\webapp\%TEMP%\npm-cache\_logs\2026-08-20T11_13_09_689Z-
10 verbose logfile G:\pi 2 - 2026\webapp\%TEMP%\npm-cache\_logs\2026-08-20T11_13_09_689Z-debug-0.log
11 silly logfile done cleaning log files
12 silly packumentCache heap:4496293888 maxSize:1124073472 maxEntrySize:562036736
13 http fetch GET 404 https://registry.npmjs.org/grep_search 310ms (cache skip)
14 http fetch GET 404 https://registry.npmjs.org/grep_search 241ms (cache skip)
15 verbose stack HttpErrorGeneral: 404 Not Found - GET https://registry.npmjs.org/grep_search - Not found
15 verbose stack     at C:\Users\arpt1\AppData\Roaming\npm\node_modules\npm\node_modules\npm-registry-fetch\lib\check-response.js:103:15
15 verbose stack     at process.processTicksAndRejections (node:internal/process/task_queues:103:5)
15 verbose stack     at async RegistryFetcher.packument (C:\Users\arpt1\AppData\Roaming\npm\node_modules\npm\node_modules\pacote\lib\registry.js:90:19)
15 verbose stack     at async RegistryFetcher.manifest (C:\Users\arpt1\AppData\Roaming\npm\node_modules\npm\node_modules\pacote\lib\registry.js:128:23)
15 verbose stack     at async getManifest (C:\Users\arpt1\AppData\Roaming\npm\node_modules\npm\node_modules\libnpmexec\lib\index.js:29:22)
15 verbose stack     at async missingFromTree (C:\Users\arpt1\AppData\Roaming\npm\node_modules\npm\node_modules\libnpmexec\lib\index.js:64:22)
15 verbose stack     at async C:\Users\arpt1\AppData\Roaming\npm\node_modules\npm\node_modules\libnpmexec\lib\index.js:186:32
15 verbose stack     at async Promise.all (index 0)
15 verbose stack     at async exec (C:\Users\arpt1\AppData\Roaming\npm\node_modules\npm\node_modules\libnpmexec\lib\index.js:184:3)
15 verbose stack     at async Npm.exec (C:\Users\arpt1\AppData\Roaming\npm\node_modules\npm\lib\npm.js:208:9)
16 verbose statusCode 404
17 verbose pkgid grep_search@*
18 error code E404
19 error 404 Not Found - GET https://registry.npmjs.org/grep_search - Not found
20 error 404
21 error 404  The requested resource 'grep_search@*' could not be found or you do not have permission to access it.
22 error 404
23 error 404 Note that you can also install from a
24 error 404 tarball, folder, http url, or git url.
25 verbose cwd G:\pi 2 - 2026\webapp
26 verbose os Windows_NT 10.0.26200
27 verbose node v24.13.0
28 verbose npm  v11.7.0
29 verbose exit 1
30 verbose code 1
31 error A complete log of this run can be found in: G:\pi 2 - 2026\webapp\%TEMP%\npm-cache\_logs\2026-08-20T11_13_09_689Z-debug-0.log
