0 verbose cli F:\nodejs\node.exe C:\Users\arpt1\AppData\Roaming\npm\node_modules\npm\bin\npm-cli.js
1 info using npm@11.7.0
2 info using node@v24.13.0
3 silly config load:file:C:\Users\arpt1\AppData\Roaming\npm\node_modules\npm\npmrc
4 silly config load:file:G:\pi 2 - 2026\webapp\.npmrc
5 silly config load:file:C:\Users\arpt1\.npmrc
6 silly config load:file:C:\Users\arpt1\AppData\Roaming\npm\etc\npmrc
7 verbose title npm exec vercel --prod --yes --token vcp_56ZAHzndUC1LHI0E1EzQGGoPvPXj10BC8ghK5QU0BbIbGSsizx41uQpQ
8 verbose argv "exec" "--" "vercel" "--prod" "--yes" "--token" "vcp_56ZAHzndUC1LHI0E1EzQGGoPvPXj10BC8ghK5QU0BbIbGSsizx41uQpQ"
9 verbose logfile logs-max:10 dir:G:\pi 2 - 2026\webapp\%TEMP%\npm-cache\_logs\2026-08-20T10_16_48_109Z-
10 verbose logfile G:\pi 2 - 2026\webapp\%TEMP%\npm-cache\_logs\2026-08-20T10_16_48_109Z-debug-0.log
11 silly logfile done cleaning log files
12 silly packumentCache heap:4496293888 maxSize:1124073472 maxEntrySize:562036736
13 http fetch GET 200 https://registry.npmjs.org/npm 161ms
14 http fetch GET 200 https://registry.npmjs.org/vercel 416ms (cache miss)
15 silly packumentCache heap:4496293888 maxSize:1124073472 maxEntrySize:562036736
16 silly packumentCache heap:4496293888 maxSize:1124073472 maxEntrySize:562036736
17 warn exec The following package was not found and will be installed: vercel@59.1.4
18 silly idealTree buildDeps
19 silly fetch manifest vercel@59.1.4
20 silly packumentCache full:https://registry.npmjs.org/vercel cache-miss
21 http fetch GET 200 https://registry.npmjs.org/vercel 340ms (cache miss)
22 silly packumentCache full:https://registry.npmjs.org/vercel set size:undefined disposed:false
23 silly placeDep ROOT vercel@59.1.4 OK for:  want: 59.1.4
24 silly fetch manifest zod@4.1.11
25 silly packumentCache full:https://registry.npmjs.org/zod cache-miss
26 silly fetch manifest jose@5.9.6
27 silly packumentCache full:https://registry.npmjs.org/jose cache-miss
28 silly fetch manifest uuid@14.0.1
29 silly packumentCache full:https://registry.npmjs.org/uuid cache-miss
30 silly fetch manifest luxon@^3.4.0
31 silly packumentCache full:https://registry.npmjs.org/luxon cache-miss
32 silly fetch manifest undici@5.29.0
33 silly packumentCache full:https://registry.npmjs.org/undici cache-miss
34 silly fetch manifest esbuild@0.27.0
35 silly packumentCache full:https://registry.npmjs.org/esbuild cache-miss
36 silly fetch manifest sandbox@3.4.0
37 silly packumentCache full:https://registry.npmjs.org/sandbox cache-miss
38 silly fetch manifest chokidar@4.0.0
39 silly packumentCache full:https://registry.npmjs.org/chokidar cache-miss
40 silly fetch manifest smol-toml@1.5.2
41 silly packumentCache full:https://registry.npmjs.org/smol-toml cache-miss
42 silly fetch manifest @vercel/go@3.11.0
43 silly packumentCache full:https://registry.npmjs.org/@vercel%2fgo cache-miss
44 silly fetch manifest @vercel/h3@0.1.124
45 silly packumentCache full:https://registry.npmjs.org/@vercel%2fh3 cache-miss
46 http fetch GET 200 https://registry.npmjs.org/smol-toml 399ms (cache miss)
47 silly packumentCache full:https://registry.npmjs.org/smol-toml set size:undefined disposed:false
48 silly fetch manifest @vercel/fun@1.3.0
49 silly packumentCache full:https://registry.npmjs.org/@vercel%2ffun cache-miss
50 http fetch GET 200 https://registry.npmjs.org/uuid 412ms (cache miss)
51 silly packumentCache full:https://registry.npmjs.org/uuid set size:undefined disposed:false
52 silly fetch manifest @vercel/koa@0.1.98
53 silly packumentCache full:https://registry.npmjs.org/@vercel%2fkoa cache-miss
54 http fetch GET 200 https://registry.npmjs.org/luxon 451ms (cache miss)
55 silly packumentCache full:https://registry.npmjs.org/luxon set size:undefined disposed:false
56 silly fetch manifest @vercel/blob@2.8.0
57 silly packumentCache full:https://registry.npmjs.org/@vercel%2fblob cache-miss
58 http fetch GET 200 https://registry.npmjs.org/chokidar 463ms (cache miss)
59 silly packumentCache full:https://registry.npmjs.org/chokidar set size:undefined disposed:false
60 silly fetch manifest @vercel/hono@0.2.118
61 silly packumentCache full:https://registry.npmjs.org/@vercel%2fhono cache-miss
62 http fetch GET 200 https://registry.npmjs.org/jose 585ms (cache miss)
63 silly packumentCache full:https://registry.npmjs.org/jose set size:undefined disposed:false
64 silly fetch manifest @vercel/next@4.21.6
65 silly packumentCache full:https://registry.npmjs.org/@vercel%2fnext cache-miss
66 http fetch GET 200 https://registry.npmjs.org/sandbox 683ms (cache miss)
67 silly packumentCache full:https://registry.npmjs.org/sandbox set size:undefined disposed:false
68 silly fetch manifest @vercel/node@5.10.1
69 silly packumentCache full:https://registry.npmjs.org/@vercel%2fnode cache-miss
70 http fetch GET 200 https://registry.npmjs.org/@vercel%2fh3 731ms (cache miss)
71 silly packumentCache full:https://registry.npmjs.org/@vercel%2fh3 set size:undefined disposed:false
72 silly fetch manifest @vercel/ruby@2.5.1
73 silly packumentCache full:https://registry.npmjs.org/@vercel%2fruby cache-miss
74 http fetch GET 200 https://registry.npmjs.org/esbuild 751ms (cache miss)
75 silly packumentCache full:https://registry.npmjs.org/esbuild set size:undefined disposed:false
76 silly fetch manifest @vercel/rust@1.4.2
77 silly packumentCache full:https://registry.npmjs.org/@vercel%2frust cache-miss
78 http fetch GET 200 https://registry.npmjs.org/undici 825ms (cache miss)
79 silly packumentCache full:https://registry.npmjs.org/undici set size:undefined disposed:false
80 silly fetch manifest jsonc-parser@3.3.1
81 silly packumentCache full:https://registry.npmjs.org/jsonc-parser cache-miss
82 http fetch GET 200 https://registry.npmjs.org/@vercel%2fgo 889ms (cache miss)
83 silly packumentCache full:https://registry.npmjs.org/@vercel%2fgo set size:undefined disposed:false
84 silly fetch manifest @vercel/elysia@0.1.115
85 silly packumentCache full:https://registry.npmjs.org/@vercel%2felysia cache-miss
86 http fetch GET 200 https://registry.npmjs.org/@vercel%2fblob 514ms (cache miss)
87 silly packumentCache full:https://registry.npmjs.org/@vercel%2fblob set size:undefined disposed:false
88 silly fetch manifest @vercel/nestjs@0.2.119
89 silly packumentCache full:https://registry.npmjs.org/@vercel%2fnestjs cache-miss
90 http fetch GET 200 https://registry.npmjs.org/@vercel%2ffun 601ms (cache miss)
91 silly packumentCache full:https://registry.npmjs.org/@vercel%2ffun set size:undefined disposed:false
92 silly fetch manifest @vercel/python@6.57.1
93 silly packumentCache full:https://registry.npmjs.org/@vercel%2fpython cache-miss
94 http fetch GET 200 https://registry.npmjs.org/jsonc-parser 244ms (cache miss)
95 silly packumentCache full:https://registry.npmjs.org/jsonc-parser set size:undefined disposed:false
96 silly fetch manifest @vercel/express@0.1.129
97 silly packumentCache full:https://registry.npmjs.org/@vercel%2fexpress cache-miss
98 http fetch GET 200 https://registry.npmjs.org/zod 1087ms (cache miss)
99 silly packumentCache full:https://registry.npmjs.org/zod set size:undefined disposed:false
100 silly fetch manifest @vercel/fastify@0.1.118
101 silly packumentCache full:https://registry.npmjs.org/@vercel%2ffastify cache-miss
102 http fetch GET 200 https://registry.npmjs.org/@vercel%2fkoa 732ms (cache miss)
103 silly packumentCache full:https://registry.npmjs.org/@vercel%2fkoa set size:undefined disposed:false
104 silly fetch manifest @vercel/redwood@2.5.2
105 silly packumentCache full:https://registry.npmjs.org/@vercel%2fredwood cache-miss
106 http fetch GET 200 https://registry.npmjs.org/@vercel%2fhono 844ms (cache miss)
107 silly packumentCache full:https://registry.npmjs.org/@vercel%2fhono set size:undefined disposed:false
108 silly fetch manifest @vercel/backends@0.8.38
109 silly packumentCache full:https://registry.npmjs.org/@vercel%2fbackends cache-miss
110 http fetch GET 200 https://registry.npmjs.org/@vercel%2frust 582ms (cache miss)
111 silly packumentCache full:https://registry.npmjs.org/@vercel%2frust set size:undefined disposed:false
112 silly fetch manifest @vercel/cli-auth@0.3.4
113 silly packumentCache full:https://registry.npmjs.org/@vercel%2fcli-auth cache-miss
114 http fetch GET 200 https://registry.npmjs.org/@vercel%2felysia 501ms (cache miss)
115 silly packumentCache full:https://registry.npmjs.org/@vercel%2felysia set size:undefined disposed:false
116 silly fetch manifest @vercel/hydrogen@1.4.2
117 silly packumentCache full:https://registry.npmjs.org/@vercel%2fhydrogen cache-miss
118 http fetch GET 200 https://registry.npmjs.org/@vercel%2fruby 734ms (cache miss)
119 silly packumentCache full:https://registry.npmjs.org/@vercel%2fruby set size:undefined disposed:false
120 silly fetch manifest @vercel/container@0.2.0
121 silly packumentCache full:https://registry.npmjs.org/@vercel%2fcontainer cache-miss
122 verbose stack Error: Lock compromised
122 verbose stack     at AbortSignal.<anonymous> (C:\Users\arpt1\AppData\Roaming\npm\node_modules\npm\node_modules\libnpmexec\lib\with-lock.js:53:30)
122 verbose stack     at [nodejs.internal.kHybridDispatch] (node:internal/event_target:845:20)
122 verbose stack     at AbortSignal.dispatchEvent (node:internal/event_target:778:26)
122 verbose stack     at runAbort (node:internal/abort_controller:488:10)
122 verbose stack     at abortSignal (node:internal/abort_controller:459:3)
122 verbose stack     at AbortController.abort (node:internal/abort_controller:507:5)
122 verbose stack     at Timeout.touchLock (C:\Users\arpt1\AppData\Roaming\npm\node_modules\npm\node_modules\libnpmexec\lib\with-lock.js:164:18)
123 error code ECOMPROMISED
124 error Lock compromised
125 silly unfinished npm timer reify 1787221010424
126 silly unfinished npm timer reify:loadTrees 1787221010425
127 silly unfinished npm timer idealTree 1787221010425
128 silly unfinished npm timer idealTree:buildDeps 1787221010435
129 silly unfinished npm timer idealTree:#root 1787221010435
130 verbose cwd G:\pi 2 - 2026\webapp
131 verbose os Windows_NT 10.0.26200
132 verbose node v24.13.0
133 verbose npm  v11.7.0
134 notice
134 notice New minor version of npm available! 11.7.0 -> 11.19.0
134 notice Changelog: https://github.com/npm/cli/releases/tag/v11.19.0
134 notice To update run: npm install -g npm@11.19.0
134 notice  { force: true, Symbol(proc-log.meta): true }
135 verbose exit 1
136 verbose code 1
137 error A complete log of this run can be found in: G:\pi 2 - 2026\webapp\%TEMP%\npm-cache\_logs\2026-08-20T10_16_48_109Z-debug-0.log
